### BTest baseline data generated by btest-diff. Do not edit. Use "btest -U/-u" to update. Requires BTest >= 0.63.
got 21 items
OK: 2020-02-02T02:02:02+00:00
OK: 2020-02-02T02:02:02.1+00:00
OK: 2020-02-02T02:02:02.12+00:00
OK: 2020-02-02T02:02:02.123+00:00
OK: 2020-02-02T02:02:02.1234+00:00
OK: 2020-02-02T02:02:02.12345+00:00
OK: 2020-02-02T02:02:02.123456+00:00
OK: 2020-02-02T02:02:02+02:00
OK: 2020-02-02T02:02:02.1+02:00
OK: 2020-02-02T02:02:02.12+02:00
OK: 2020-02-02T02:02:02.123+02:00
OK: 2020-02-02T02:02:02.1234+02:00
OK: 2020-02-02T02:02:02.12345+02:00
OK: 2020-02-02T02:02:02.123456+02:00
OK: 2020-02-02T02:02:02-02:00
OK: 2020-02-02T02:02:02.1-02:00
OK: 2020-02-02T02:02:02.12-02:00
OK: 2020-02-02T02:02:02.123-02:00
OK: 2020-02-02T02:02:02.1234-02:00
OK: 2020-02-02T02:02:02.12345-02:00
OK: 2020-02-02T02:02:02.123456-02:00
